definitions:
  DeathnutAuth:
    properties:
      grants:
        description: The role to assign or revoke
        items:
          type: string
        type: array
      id:
        description: Resource id
        type: string
      requires:
        description: User role checked for grant privilege
        type: string
      revoke:
        description: If True, attempt to revoke the privilege
        type: boolean
      user:
        description: User to assign role to
        type: string
    required:
    - grants
    - id
    - requires
    - user
    type: object
  Recipe:
    properties:
      id:
        description: Recipe id
        type: string
      ingredients:
        description: Recipe ingredients
        items:
          type: string
        type: array
      title:
        description: Recipe title
        type: string
    required:
    - ingredients
    - title
    type: object
  Recipe1:
    properties:
      id:
        description: Recipe id
        type: string
      ingredients:
        description: Recipe ingredients
        items:
          type: string
        type: array
      title:
        description: Recipe title
        type: string
    type: object
host: recipe-service-apispec.endpoints.wellio-dev-michael.cloud.goog
info:
  description: Example recipe service
  title: Recipe Service (Apispec)
  version: v1
paths:
  /auth-recipe:
    post:
      operationId: post_auth-recipe
      parameters:
      - in: body
        name: body
        required: true
        schema:
          $ref: '#/definitions/DeathnutAuth'
      responses:
        default:
          description: ''
          schema:
            $ref: '#/definitions/DeathnutAuth'
  /recipe:
    get:
      operationId: get_recipe
      parameters:
      - description: optional limit
        in: query
        name: limit
        required: false
        type: integer
      responses:
        default:
          description: ''
          schema:
            items:
              $ref: '#/definitions/Recipe'
            type: array
    post:
      operationId: post_recipe
      parameters:
      - in: body
        name: body
        required: true
        schema:
          $ref: '#/definitions/Recipe'
      responses:
        default:
          description: ''
          schema:
            $ref: '#/definitions/Recipe'
  /recipe/{id}:
    get:
      operationId: get_{id}
      parameters:
      - in: path
        name: id
        required: true
        type: string
      responses:
        default:
          description: ''
          schema:
            $ref: '#/definitions/Recipe'
    patch:
      operationId: patch_{id}
      parameters:
      - in: body
        name: body
        required: true
        schema:
          $ref: '#/definitions/Recipe1'
      - in: path
        name: id
        required: true
        type: string
      responses:
        default:
          description: ''
          schema:
            $ref: '#/definitions/Recipe'
schemes:
- http
- https
security:
- firebase-whatever-production: []
securityDefinitions:
  api_key:
    in: query
    name: key
    type: apiKey
  firebase-whatever-production:
    authorizationUrl: ''
    flow: implicit
    type: oauth2
    x-google-audiences: recipe-service
    x-google-issuer: jwt-test@wellio-dev-michael.iam.gserviceaccount.com
    x-google-jwks_uri: https://www.googleapis.com/robot/v1/metadata/x509/jwt-test@wellio-dev-michael.iam.gserviceaccount.com
swagger: '2.0'
