definitions:
  DeathnutAuthSchema:
    properties:
      grants:
        items:
          type: string
        title: Grants
        type: array
      id:
        title: Id
        type: string
      requires:
        title: Requires
        type: string
      revoke:
        default: false
        title: Revoke
        type: boolean
      user:
        title: User
        type: string
    required:
    - id
    - user
    - requires
    - grants
    title: DeathnutAuthSchema
    type: object
  HTTPValidationError:
    properties:
      detail:
        items:
          $ref: '#/definitions/ValidationError'
        title: Detail
        type: array
    title: HTTPValidationError
    type: object
  PartialRecipe:
    properties:
      ingredients:
        items:
          type: string
        title: Ingredients
        type: array
      title:
        title: Title
        type: string
    title: PartialRecipe
    type: object
  Recipe:
    properties:
      ingredients:
        items:
          type: string
        title: Ingredients
        type: array
      title:
        title: Title
        type: string
    required:
    - title
    - ingredients
    title: Recipe
    type: object
  RecipeWithId:
    properties:
      id:
        title: Id
        type: string
      ingredients:
        items:
          type: string
        title: Ingredients
        type: array
      title:
        title: Title
        type: string
    required:
    - title
    - ingredients
    - id
    title: RecipeWithId
    type: object
  ValidationError:
    properties:
      loc:
        items:
          type: string
        title: Location
        type: array
      msg:
        title: Message
        type: string
      type:
        title: Error Type
        type: string
    required:
    - loc
    - msg
    - type
    title: ValidationError
    type: object
host: recipe-service-fastapi.endpoints.wellio-dev-michael.cloud.goog
info:
  description: Example recipe service
  title: Recipe Service (FastApi)
  version: 0.1.0
paths:
  /auth-recipe:
    post:
      consumes:
      - application/json
      operationId: auth_auth_recipe_post
      parameters:
      - in: body
        name: body
        required: true
        schema:
          $ref: '#/definitions/DeathnutAuthSchema'
      produces:
      - application/json
      responses:
        '200':
          description: Successful Response
          schema:
            $ref: '#/definitions/DeathnutAuthSchema'
        '422':
          description: Validation Error
          schema:
            $ref: '#/definitions/HTTPValidationError'
      summary: Auth
  /recipe:
    get:
      operationId: get_recipes_recipe_get
      parameters:
      - default: 10
        in: query
        name: limit
        required: false
        type: integer
      produces:
      - application/json
      responses:
        '200':
          description: Successful Response
          schema:
            items:
              $ref: '#/definitions/RecipeWithId'
            title: Response Get Recipes Recipe Get
            type: array
        '422':
          description: Validation Error
          schema:
            $ref: '#/definitions/HTTPValidationError'
      summary: Get Recipes
    post:
      consumes:
      - application/json
      operationId: create_recipe_recipe_post
      parameters:
      - in: body
        name: body
        required: true
        schema:
          $ref: '#/definitions/Recipe'
      produces:
      - application/json
      responses:
        '200':
          description: Successful Response
          schema:
            $ref: '#/definitions/RecipeWithId'
        '422':
          description: Validation Error
          schema:
            $ref: '#/definitions/HTTPValidationError'
      summary: Create Recipe
  /recipe/{id}:
    get:
      operationId: get_recipe_recipe__id__get
      parameters:
      - in: path
        name: id
        required: true
        type: string
      produces:
      - application/json
      responses:
        '200':
          description: Successful Response
          schema:
            $ref: '#/definitions/RecipeWithId'
        '422':
          description: Validation Error
          schema:
            $ref: '#/definitions/HTTPValidationError'
      summary: Get Recipe
    patch:
      consumes:
      - application/json
      operationId: patch_recipe_recipe__id__patch
      parameters:
      - in: path
        name: id
        required: true
        type: string
      - in: body
        name: body
        required: true
        schema:
          $ref: '#/definitions/PartialRecipe'
      produces:
      - application/json
      responses:
        '200':
          description: Successful Response
          schema:
            $ref: '#/definitions/RecipeWithId'
        '422':
          description: Validation Error
          schema:
            $ref: '#/definitions/HTTPValidationError'
      summary: Patch Recipe
schemes:
- http
- https
security:
- firebase-whatever-production: []
securityDefinitions:
  api_key:
    in: query
    name: key
    type: apiKey
  firebase-whatever-production:
    authorizationUrl: ''
    flow: implicit
    type: oauth2
    x-google-audiences: recipe-service
    x-google-issuer: jwt-test@wellio-dev-michael.iam.gserviceaccount.com
    x-google-jwks_uri: https://www.googleapis.com/robot/v1/metadata/x509/jwt-test@wellio-dev-michael.iam.gserviceaccount.com
swagger: '2.0'
x-components: {}
